// Jest Snapshot v1, https://goo.gl/fbAQLP

exports[`ExampleComponent should render the example component 1`] = `
<div>
  <h1>
    hello
  </h1>
  <form
    onSubmit={[Function]}
  >
    <input
      className="input"
      onChange={[Function]}
      type="text"
      value=""
    />
    <input
      className="button"
      onClick={[Function]}
      type="button"
      value="click me"
    />
  </form>
</div>
`;
